// Vitest Snapshot v1, https://vitest.dev/guide/snapshot.html

exports[`GifsApp > should render property 1`] = `
<div>
  <div
    class="content-center"
  >
    <h1>
      Buscardor de gifs
    </h1>
    <p>
      Descubre y comparte gifs para toda ocasión
    </p>
  </div>
  <div
    class="search-container"
  >
    <input
      name=""
      placeholder="Busca un gif"
      type="text"
      value=""
    />
    <button>
      Buscar
    </button>
  </div>
  <div
    class="previous-searches"
  >
    <h2>
      Búsquedas previas
    </h2>
    <ul
      class="previous-searches-list"
    />
  </div>
  <div
    class="gifs-container"
  />
</div>
`;
